<testsuites name="jest tests" tests="3" failures="1" time="1.472">
  <testsuite name="index" errors="0" failures="0" skipped="0" timestamp="2019-03-14T20:46:57" time="0.638" tests="1">
    <testcase classname="index should expose the expected entries" name="index should expose the expected entries" time="0.004">
    </testcase>
  </testsuite>
  <testsuite name="index" errors="0" failures="1" skipped="0" timestamp="2019-03-14T20:46:57" time="0.652" tests="1">
    <testcase classname="index should expose the expected entries" name="index should expose the expected entries" time="0.01">
      <failure>Error: expect(value).toMatchSnapshot()

Received value does not match stored snapshot &quot;index should expose the expected entries 1&quot;.

- Snapshot
+ Received

  Object {
-   &quot;BATCH_PRECISION&quot;: 100,
+   &quot;BATCH_PRECISION&quot;: 2,
    &quot;FLICKR_API_LIMIT_PER_HOUR&quot;: 3000,
  }
    at Object.it (/home/leonh/scenicroutes/cartier/src/constants/index.test.ts:6:19)
    at Object.asyncJestTest (/home/leonh/scenicroutes/cartier/node_modules/jest-jasmine2/build/jasmine_async.js:108:37)
    at resolve (/home/leonh/scenicroutes/cartier/node_modules/jest-jasmine2/build/queue_runner.js:56:12)
    at new Promise (&lt;anonymous&gt;)
    at mapper (/home/leonh/scenicroutes/cartier/node_modules/jest-jasmine2/build/queue_runner.js:43:19)
    at promise.then (/home/leonh/scenicroutes/cartier/node_modules/jest-jasmine2/build/queue_runner.js:87:41)
    at &lt;anonymous&gt;
    at process._tickCallback (internal/process/next_tick.js:188:7)</failure>
    </testcase>
  </testsuite>
  <testsuite name="Config" errors="0" failures="0" skipped="0" timestamp="2019-03-14T20:46:57" time="0.092" tests="1">
    <testcase classname="Config should return the expected defaults" name="Config should return the expected defaults" time="0.002">
    </testcase>
  </testsuite>
</testsuites>